[leak.sx/dispenser_gaming.html]
[backblue.gif]
[fade.gif]
[index.html]
[leak.sx/inc/theme/assets/img/favicon.ico]
[leak.sx/inc/telegram.png]
[glassmilheart.com/aas/r45d/vki/1826384/tghr.js]
[leak.sx/inc/theme/assets/css/custom.css]
[leak.sx/inc/theme/bootstrap/css/bootstrap.min.css]
[leak.sx/inc/theme/assets/css/plugins.css]
[leak.sx/inc/theme/assets/css/apps/notes.css]
[leak.sx/inc/logo.png]
[leak.sx/dispenser.html]
[leak.sx/combolist.html]
[leak.sx/index.html]
[leak.sx/support.html]
[leak.sx/login.html]
[leak.sx/a_images/overbooter.gif]
[leak.sx/a_images/wli.gif]
[leak.sx/a_images/ipstresserin.gif]
[leak.sx/dispenser_gaming.html]
[leak.sx/inc/theme/bootstrap/css/bootstrap.min.css]
[leak.sx/inc/theme/assets/css/custom.css]
[leak.sx/inc/theme/assets/css/main.css]
[leak.sx/inc/theme/assets/css/structure.css]
[leak.sx/inc/theme/assets/css/plugins.css]
[leak.sx/inc/theme/assets/css/apps/notes.css]
[leak.sx/index.html]
[leak.sx/inc/theme/plugins/highlight/styles/monokai-sublime.css]
[leak.sx/a_images/streaming.jpg]
[leak.sx/dispenser_streaming.html]
[leak.sx/a_images/vpn.jpg]
[leak.sx/a_images/game.jpg]
[leak.sx/a_images/music.jpg]
[leak.sx/dispenser_vpn.html]
[leak.sx/dispenser_music.html]
[leak.sx/a_images/adult.jpg]
[leak.sx/a_images/internet.jpg]
[leak.sx/dispenser_other.html]
[leak.sx/dispenser.html]
[leak.sx/combolist.html]
[leak.sx/support.html]
[leak.sx/login.html]
[resalag.com/lv/esnk/1826413/code.js]
[resalag.com/lv/esnk/1826414/code.js]
[leak.sx/inc/theme/assets/img/arrow-down.png]
[leak.sx/inc/theme/assets/css/main.css]
[leak.sx/inc/theme/assets/css/structure.css]
[leak.sx/inc/theme/plugins/highlight/styles/monokai-sublime.css]
[leak.sx/dispenser_streaming.html]
[leak.sx/dispenser_vpn.html]
[leak.sx/dispenser_music.html]
[leak.sx/dispenser_other.html]
[s2.conveythis.com/javascriptClassic/1/translate.js]
